Using Power View: func_view.
Load RC corner of view func_view
Begin Boundary Leakage Calculation
Ended Boundary Leakage Calculation: (cpu=0:00:00, real=0:00:00,
mem(process/total/peak)=1721.04MB/3676.29MB/1721.04MB)
Begin Static Power Report Generation
*----------------------------------------------------------------------------------------
*	Voltus IC Power Integrity Solution 21.18-s100_1 (64bit) 07/24/2023 10:44 (Linux 3.10.0-693.el7.x86_64)
*	
*
* 	Date & Time:	2026-Aug-27 01:58:16 (2026-Aug-26 20:28:16 GMT)
*
*----------------------------------------------------------------------------------------
*
*	Design: axi4_lite_bidir_system_top
*
*	Liberty Libraries used:
*	        func_view: /home/DDF_workshop/Floorplanning221/RAK_floorplanning_22.1/libs/lib/max/slow.lib
*
*	Parasitic Files used:
*	        ../outputs1/axi4_lite_bidir_system_top_final.spef
*
*       Power View : func_view
*
*       User-Defined Activity : N.A.
*
*	Switching Activity File used:
*	        ../sim/activity.saif
*
*       Hierarchical Global Activity: N.A.
*
*       Global Activity: N.A.
*
*       Sequential Element Activity: N.A.
*
*       Primary Input Activity: N.A.
*
*       Default icg ratio: N.A.
*
*       Global Comb ClockGate Ratio: N.A.
*
*	Power Units = 1mW
*
*	Time Units = 1e-09 secs
*
*       report_power -view func_view
*
-----------------------------------------------------------------------------------------
*



Total Power
-----------------------------------------------------------------------------------------
Total Internal Power:        1.16283881 	   82.9627%
Total Switching Power:       0.23829580 	   17.0012%
Total Leakage Power:         0.00050530 	    0.0361%
Total Power:                 1.40163991
-----------------------------------------------------------------------------------------


Group                           Internal   Switching     Leakage       Total  Percentage 
                                Power      Power         Power         Power  (%)        
-----------------------------------------------------------------------------------------
Sequential                         1.095    0.008586   0.0003257       1.104       78.79
Macro                                  0           0           0           0           0
IO                                     0           0           0           0           0
Combinational                    0.01303     0.01851    0.000169     0.03171       2.262
Clock (Combinational)            0.05435      0.2112   1.059e-05      0.2656       18.95
Clock (Sequential)                     0           0           0           0           0
-----------------------------------------------------------------------------------------
Total                              1.163      0.2383   0.0005053       1.402         100
-----------------------------------------------------------------------------------------


Rail                  Voltage   Internal   Switching     Leakage       Total  Percentage 
                                Power      Power         Power         Power  (%)        
-----------------------------------------------------------------------------------------
Default                  1.08      1.163      0.2383   0.0005053       1.402         100####################################################################
# report_annotated_parasitics: Thu Aug 27 01:09:04 2026
#   view: func_view
#   -list_not_annotated
####################################################################
#
# list syntax: type: net_name [nrCap Cap nrXCap XCap nrRes Res]
# unit: pF, Ohm

# Summary of Annotated Parasitics:
+------------------------------------------------------------------------------+
|    Net Type         |    Count   |   Annotated (%)     | Not Annotated (%)   |
+---------------------+------------+---------------------+---------------------+
| total               |       3199 |       3194 99.84%   |          5  0.16%   |
+---------------------+------------+---------------------+---------------------+
| 0-term:floating (*) |          4 |          0  0.00%   |          4 100.00%   |
| 1-term:no load      |          1 |          0  0.00%   |          1 100.00%   |
| real net (complete) |       3194 |       3194 100.00%   |          0  0.00%   |
| real net (broken)   |          0 |          0  0.00%   |          0  0.00%   |
| zero capacitance net|          0 |          0  0.00%   |          0  0.00%   |
+------------------------------------------------------------------------------+
Note for Net Types marked "(*)":  Such nets are never timed, but reported here for informational purpose.

+-----------------------------------------------------------------+
| Annotated |    Res (KOhm)   |    Cap (pF)     |    XCap (pF)    |
+-----------+-----------------+-----------------+-----------------+
| Count     |         58579   |         59477   |          8828   |
| Value     |      214.4120   |        9.5544   |        0.6587   |
+-----------------------------------------------------------------+


Clock                           Internal   Switching     Leakage       Total  Percentage 
                                Power      Power         Power         Power  (%)        
-----------------------------------------------------------------------------------------
p_clk                            0.02374     0.09264   5.209e-06      0.1164       8.303
s_axi_aclk                       0.03061      0.1186   5.377e-06      0.1492       10.64
-----------------------------------------------------------------------------------------
Total                            0.05435      0.2112   1.059e-05      0.2656       18.95
-----------------------------------------------------------------------------------------
Clock: p_clk
Clock Period: 0.008000 usec 
Clock Toggle Rate:   199.9809 Mhz 
Clock Static Probability:  0.5000
  
Clock: s_axi_aclk
Clock Period: 0.008000 usec 
Clock Toggle Rate:   249.9521 Mhz 
Clock Static Probability:  0.4999
  
 
 
-----------------------------------------------------------------------------------------
*	Power Distribution Summary: 
*              Highest Average Power:       CTS_ccl_a_buf_00007 (BUFX16):          0.02071
*              Highest Leakage Power:       CTS_ccl_a_buf_00014 (BUFX20):        8.403e-07
*                Total Cap:      1.69338e-11 F
*                Total instances in design:  3085
*                Total instances in design with no power:     0
*                Total instances in design with no activty:     0

*                Total Fillers and Decap:     0
-----------------------------------------------------------------------------------------
 
** INFO:  (VOLTUS_POWR-3465): There are 0 decaps and 0 fillers in the design

Ended Static Power Report Generation: (cpu=0:00:00, real=0:00:00,
mem(process/total/peak)=1721.05MB/3676.29MB/1721.05MB)

