============================================================
  Generated by:           Genus(TM) Synthesis Solution 21.14-s082_1
  Generated on:           Aug 27 2026  04:30:39 pm
  Module:                 axi4_lite_bidir_system_top
  Operating conditions:   slow 
  Interconnect mode:      global
  Area mode:              physical library
============================================================


Path 1: MET (2418 ps) Setup Check with Pin u_bridge_s_axi_rdata_reg[15]/CK->D
          Group: s_axi_aclk
     Startpoint: (R) s_axi_arvalid
          Clock: (R) s_axi_aclk
       Endpoint: (R) u_bridge_s_axi_rdata_reg[15]/D
          Clock: (R) s_axi_aclk

                     Capture       Launch     
        Clock Edge:+    8000            0     
        Drv Adjust:+       0            0     
       Src Latency:+       0            0     
       Net Latency:+       0 (I)        0 (I) 
           Arrival:=    8000            0     
                                              
             Setup:-      90                  
       Uncertainty:-     300                  
     Required Time:=    7610                  
      Launch Clock:-       0                  
       Input Delay:-    2000                  
         Data Path:-    3192                  
             Slack:=    2418                  

Exceptions/Constraints:
  input_delay             2000            axi4_lite_constraint_line_83_43_1 

#-------------------------------------------------------------------------------------------------------
#         Timing Point           Flags   Arc   Edge   Cell     Fanout Load Trans Delay Arrival Instance 
#                                                                     (fF)  (ps)  (ps)   (ps)  Location 
#-------------------------------------------------------------------------------------------------------
  s_axi_arvalid                  -       -     R     (arrival)      1  4.6   150     0    2000    (-,-) 
  g10675/Y                       -       A->Y  F     INVX1          1  4.4    92   100    2100    (-,-) 
  g38285__9945/Y                 -       B->Y  F     OR2X2         36 94.9   798   532    2633    (-,-) 
  g37792__5122/Y                 -       A->Y  R     NOR2X2        13 40.7   635   572    3205    (-,-) 
  g37771/Y                       -       A->Y  F     INVX1          2  7.4   225   308    3513    (-,-) 
  g37765__5115/Y                 -       C->Y  R     NOR3X1         4 11.8   578   363    3876    (-,-) 
  g37694__1705/Y                 -       B->Y  R     AND2X2        32 88.5   663   641    4517    (-,-) 
  g37357__9315/Y                 -       A1->Y R     AO22XL         1  4.7   148   412    4929    (-,-) 
  g36906__5122/Y                 -       C0->Y F     AOI221X1       1  4.7   285   107    5037    (-,-) 
  g36196__7410/Y                 -       C->Y  R     NAND4X1        1  4.6   138   155    5191    (-,-) 
  u_bridge_s_axi_rdata_reg[15]/D <<<     -     R     DFFRHQX2       1    -     -     0    5192    (-,-) 
#-------------------------------------------------------------------------------------------------------

