###############################################################
#  Generated by:      Cadence Tempus 21.18-s100_1
#  OS:                Linux x86_64(Host ID bhawani.iitg.ac.in)
#  Generated on:      Tue Aug 25 23:30:19 2026
#  Design:            axi4_lite_bidir_system_top
###############################################################
              SETUP   WNS    TNS   FEP   
      ---------------------------------------
         View : ALL  2.627  0.000     0  
     Group : in2out    N/A    N/A     0  
    Group : reg2out  4.708  0.000     0  
     Group : in2reg  2.627    0.0     0  
    Group : reg2reg  4.266    0.0     0  
                                         
      ---------------------------------------
 
               HOLD   WNS    TNS   FEP   
      ---------------------------------------
         View : ALL  0.000  0.000     0  
     Group : in2out    N/A    N/A     0  
    Group : reg2out  0.333  0.000     0  
     Group : in2reg  0.395    0.0     0  
    Group : reg2reg  0.000    0.0     0  
                                         
      ---------------------------------------
 
                        DRV  WNS   TNS   FEP   
      ---------------------------------------------
                 View : ALL                    
     Check : max_transition   N/A   N/A     0  
     Check : min_transition   N/A   N/A     0  
    Check : max_capacitance   N/A   N/A     0  
    Check : min_capacitance   N/A   N/A     0  
         Check : max_fanout   N/A   N/A     0  
         Check : min_fanout   N/A   N/A     0  
                                               
      ---------------------------------------------
 
                            Clock checks   WNS    TNS   FEP   
      ------------------------------------------------------------
                              View : ALL                      
    Check : min_pulse_width (clocktree)     N/A    N/A     0  
    Check : min_pulse_width (endpoints)   3.243  0.000     0  
                       Check : max_skew     N/A    N/A     0  
                     Check : min_period     N/A    N/A     0  
                                                              
      ------------------------------------------------------------
 
