============================================================
  Generated by:           Genus(TM) Synthesis Solution 21.14-s082_1
  Generated on:           Aug 27 2026  04:44:26 pm
  Module:                 axi4_lite_bidir_system_top
  Technology libraries:   gpdk045bc 
                          physical_cells 
  Operating conditions:   slow 
  Interconnect mode:      global
  Area mode:              physical library
============================================================

# SETUP                                     WNS  TNS    FEP 
# ------------------------------------------------------------
 View: ALL                               3282.9  0.0      0 
    Group : cg_enable_group_p_clk        7486.7  0.0      0 
    Group : cg_enable_group_s_axi_aclk   3314.4  0.0      0 
    Group : default                         N/A  N/A    N/A 
    Group : p_clk                        6009.9  0.0      0 
    Group : s_axi_aclk                   3282.9  0.0      0 

# ------------------------------------------------------------
# DRV                        WNS  TNS  FEP 
# -------------------------------------------
 View: ALL                                 
    Check: max_transition    N/A  N/A    0 
    Check: max_capacitance   N/A  N/A    0 
    Check: max_fanout        N/A  N/A    0 

# -------------------------------------------
