============================================================
  Generated by:           Genus(TM) Synthesis Solution 21.14-s082_1
  Generated on:           Aug 27 2026  05:06:18 pm
  Module:                 axi4_lite_bidir_system_top
  Technology libraries:   gpdk045bc 
                          physical_cells 
  Operating conditions:   slow 
  Interconnect mode:      global
  Area mode:              physical library
============================================================

# SETUP                  WNS  TNS    FEP 
# -----------------------------------------
 View: ALL            2512.8  0.0      0 
    Group : in2out       N/A  N/A    N/A 
    Group : in2reg    2512.8  0.0      0 
    Group : reg2out   4721.1  0.0      0 
    Group : reg2reg   3889.1  0.0      0 

# -----------------------------------------
# DRV                        WNS  TNS  FEP 
# -------------------------------------------
 View: ALL                                 
    Check: max_transition    N/A  N/A    0 
    Check: max_capacitance   N/A  N/A    0 
    Check: max_fanout        N/A  N/A    0 

# -------------------------------------------
