
Total Power
-----------------------------------------------------------------------------------------
Total Internal Power:        1.51710445 	   81.0924%
Total Switching Power:       0.35322473 	   18.8806%
Total Leakage Power:         0.00050530 	    0.0270%
Total Power:                 1.87083448
-----------------------------------------------------------------------------------------


Group                           Internal   Switching     Leakage       Total  Percentage 
                                Power      Power         Power         Power  (%)        
-----------------------------------------------------------------------------------------
Sequential                         1.387     0.06964   0.0003257       1.457       77.87
Macro                                  0           0           0           0           0
IO                                     0           0           0           0           0
Combinational                    0.07589     0.07235    0.000169      0.1484       7.933
Clock (Combinational)            0.05436      0.2112   1.059e-05      0.2656        14.2
Clock (Sequential)                     0           0           0           0           0
-----------------------------------------------------------------------------------------
Total                              1.517      0.3532   0.0005053       1.871         100
-----------------------------------------------------------------------------------------


Rail                  Voltage   Internal   Switching     Leakage       Total  Percentage 
                                Power      Power         Power         Power  (%)        
-----------------------------------------------------------------------------------------
VDD                      1.08      1.517      0.3532   0.0005053       1.871         100


Clock                           Internal   Switching     Leakage       Total  Percentage 
                                Power      Power         Power         Power  (%)        
-----------------------------------------------------------------------------------------
p_clk                            0.02374     0.09265   5.209e-06      0.1164       6.221
s_axi_aclk                       0.03062      0.1186   5.377e-06      0.1492       7.976
-----------------------------------------------------------------------------------------
Total                            0.05436      0.2112   1.059e-05      0.2656        14.2
-----------------------------------------------------------------------------------------
Clock: p_clk
Clock Period: 0.008000 usec 
Clock Toggle Rate:   200.0000 Mhz 
Clock Static Probability:  0.5000
  
Clock: s_axi_aclk
Clock Period: 0.008000 usec 
Clock Toggle Rate:   250.0000 Mhz 
Clock Static Probability:  0.5000
  
 
 
-----------------------------------------------------------------------------------------
*	Power Distribution Summary: 
*              Highest Average Power:       CTS_ccl_a_buf_00007 (BUFX16):          0.02071
*              Highest Leakage Power:       CTS_ccl_a_buf_00014 (BUFX20):        8.403e-07
*                Total Cap:      1.69339e-11 F
*                Total instances in design:  3085
*                Total instances in design with no power:     0
*                Total instances in design with no activty:     0

*                Total Fillers and Decap:     0
-----------------------------------------------------------------------------------------
