[DDF_user48@bhawani timing_summary_setup]$ zcat axi4_lite_bidir_system_top_postRoute_all.tarpt.gz | head -100
###############################################################
#  Generated by:      Cadence Innovus 21.15-s110_1
#  OS:                Linux x86_64(Host ID bhawani.iitg.ac.in)
#  Generated on:      Mon Aug 24 22:11:31 2026
#  Design:            axi4_lite_bidir_system_top
#  Command:           timeDesign -postRoute -outDir ../reports1/timing_summary_setup
###############################################################
Path 1: MET Setup Check with Pin u_bridge_s_axi_rdata_reg[9]/CK 
Endpoint:   u_bridge_s_axi_rdata_reg[9]/D (^) checked with  leading edge of 's_
axi_aclk'
Beginpoint: s_axi_araddr[0]               (v) triggered by  leading edge of 's_
axi_aclk'
Path Groups: {s_axi_aclk}
Analysis View: setup_view
Other End Arrival Time          0.011
- Setup                         0.088
+ Phase Shift                   8.000
+ CPPR Adjustment               0.000
- Uncertainty                   0.300
= Required Time                 7.623
- Arrival Time                  4.990
= Slack Time                    2.633
     Clock Rise Edge                      0.000
     + Input Delay                        2.000
     = Beginpoint Arrival Time            2.000
     Timing Path:
     +------------------------------------------------------------------------------------------------+ 
     |              Pin              | Edge |       Net       |   Cell   | Delay | Arrival | Required | 
     |                               |      |                 |          |       |  Time   |   Time   | 
     |-------------------------------+------+-----------------+----------+-------+---------+----------| 
     | s_axi_araddr[0]               |  v   | s_axi_araddr[0] |          |       |   2.000 |    4.633 | 
     | g38206__5107/A                |  v   | s_axi_araddr[0] | NOR4XL   | 0.000 |   2.000 |    4.633 | 
     | g38206__5107/Y                |  ^   | n_140           | NOR4XL   | 0.207 |   2.207 |    4.840 | 
     | FE_OFC18_n_140/A              |  ^   | n_140           | INVX1    | 0.000 |   2.207 |    4.840 | 
     | FE_OFC18_n_140/Y              |  v   | FE_OFN3_n_140   | INVX1    | 0.318 |   2.525 |    5.157 | 
     | FE_OFC19_n_140/A              |  v   | FE_OFN3_n_140   | INVX1    | 0.003 |   2.528 |    5.161 | 
     | FE_OFC19_n_140/Y              |  ^   | n_141           | INVX1    | 0.146 |   2.674 |    5.307 | 
     | g37825__7098/B0               |  ^   | n_141           | OAI31X1  | 0.000 |   2.675 |    5.307 | 
     | g37825__7098/Y                |  v   | n_443           | OAI31X1  | 0.151 |   2.826 |    5.459 | 
     | g37792__5122/B                |  v   | n_443           | NOR2XL   | 0.000 |   2.826 |    5.459 | 
     | g37792__5122/Y                |  ^   | n_494           | NOR2XL   | 0.309 |   3.135 |    5.768 | 
     | FE_OFC16_n_494/A              |  ^   | n_494           | INVX1    | 0.000 |   3.136 |    5.768 | 
     | FE_OFC16_n_494/Y              |  v   | n_493           | INVX1    | 0.220 |   3.356 |    5.988 | 
     | FE_OFC17_n_494/A              |  v   | n_493           | INVX1    | 0.000 |   3.356 |    5.988 | 
     | FE_OFC17_n_494/Y              |  ^   | FE_OFN799_n_494 | INVX1    | 0.176 |   3.532 |    6.164 | 
     | g37768__6161/C                |  ^   | FE_OFN799_n_494 | AND3XL   | 0.000 |   3.532 |    6.165 | 
     | g37768__6161/Y                |  ^   | n_524           | AND3XL   | 0.286 |   3.818 |    6.450 | 
     | g37692__1617/B                |  ^   | n_524           | AND2X2   | 0.000 |   3.818 |    6.450 | 
     | g37692__1617/Y                |  ^   | n_569           | AND2X2   | 0.473 |   4.291 |    6.923 | 
     | g37482__5526/A1               |  ^   | n_569           | AOI22X1  | 0.009 |   4.300 |    6.932 | 
     | g37482__5526/Y                |  v   | n_656           | AOI22X1  | 0.308 |   4.608 |    7.241 | 
     | g36553__1617/C                |  v   | n_656           | NAND4X1  | 0.000 |   4.608 |    7.241 | 
     | g36553__1617/Y                |  ^   | n_906           | NAND4X1  | 0.129 |   4.737 |    7.369 | 
     | g36265__6783/B0               |  ^   | n_906           | AOI21XL  | 0.000 |   4.737 |    7.369 | 
     | g36265__6783/Y                |  v   | n_936           | AOI21XL  | 0.110 |   4.847 |    7.479 | 
     | g36181__1705/D                |  v   | n_936           | NAND4X1  | 0.000 |   4.847 |    7.480 | 
     | g36181__1705/Y                |  ^   | n_989           | NAND4X1  | 0.143 |   4.990 |    7.623 | 
     | u_bridge_s_axi_rdata_reg[9]/D |  ^   | n_989           | DFFRHQX2 | 0.000 |   4.990 |    7.623 | 
     +------------------------------------------------------------------------------------------------+ 
     Clock Rise Edge                      0.000
     + Source Insertion Delay            -0.251
     = Beginpoint Arrival Time           -0.251
     Other End Path:
     +--------------------------------------------------------------------------------------------+ 
     |              Pin               | Edge |    Net     |   Cell   | Delay | Arrival | Required | 
     |                                |      |            |          |       |  Time   |   Time   | 
     |--------------------------------+------+------------+----------+-------+---------+----------| 
     | s_axi_aclk                     |  ^   | s_axi_aclk |          |       |  -0.251 |   -2.883 | 
     | CTS_ccl_a_buf_00015/A          |  ^   | s_axi_aclk | BUFX16   | 0.001 |  -0.249 |   -2.882 | 
     | CTS_ccl_a_buf_00015/Y          |  ^   | CTS_14     | BUFX16   | 0.128 |  -0.122 |   -2.754 | 
     | CTS_ccl_a_buf_00002/A          |  ^   | CTS_14     | BUFX16   | 0.001 |  -0.120 |   -2.753 | 
     | CTS_ccl_a_buf_00002/Y          |  ^   | CTS_15     | BUFX16   | 0.119 |  -0.002 |   -2.634 | 
     | u_bridge_s_axi_rdata_reg[9]/CK |  ^   | CTS_15     | DFFRHQX2 | 0.013 |   0.011 |   -2.622 | 
     +--------------------------------------------------------------------------------------------+ 
Path 2: MET Setup Check with Pin u_bridge_s_axi_rdata_reg[0]/CK 
Endpoint:   u_bridge_s_axi_rdata_reg[0]/D (^) checked with  leading edge of 's_
axi_aclk'
Beginpoint: s_axi_araddr[0]               (v) triggered by  leading edge of 's_
axi_aclk'
Path Groups: {s_axi_aclk}
Analysis View: setup_view
Other End Arrival Time          0.010
- Setup                         0.094
+ Phase Shift                   8.000
+ CPPR Adjustment               0.000
- Uncertainty                   0.300
= Required Time                 7.616
- Arrival Time                  4.977
= Slack Time                    2.639
     Clock Rise Edge                      0.000
     + Input Delay                        2.000
     = Beginpoint Arrival Time            2.000
     Timing Path:
     +------------------------------------------------------------------------------------------------+ 
     |              Pin              | Edge |       Net       |   Cell   | Delay | Arrival | Required | 
     |                               |      |                 |          |       |  Time   |   Time   | 
     |-------------------------------+------+-----------------+----------+-------+---------+----------| 
     | s_axi_araddr[0]               |  v   | s_axi_araddr[0] |          |       |   2.000 |    4.639 | 
     | g38206__5107/A                |  v   | s_axi_araddr[0] | NOR4XL   | 0.000 |   2.000 |    4.639 | 
     | g38206__5107/Y                |  ^   | n_140           | NOR4XL   | 0.207 |   2.207 |    4.846 | 
